info: illuminate: cloning https://github.com/leanprover/illuminate
info: illuminate: checking out revision '6bc815869cba1f19515715dc6b47795acd521f1c'
info: MD4Lean: cloning https://github.com/acmepjz/md4lean
info: MD4Lean: checking out revision '31907cc18f48a95384f99cee5582c00fb39e0f67'
info: subverso: cloning https://github.com/leanprover/subverso
info: stderr:
Cloning into 'F:\Sandbox\SRHT Project\Palomar\.cache\render-check\project\.lake/packages\subverso'...
fatal: unable to access 'https://github.com/leanprover/subverso/': schannel: failed to receive handshake, SSL/TLS connection failed
error: external command 'git' exited with code 128
info: subverso: cloning https://github.com/leanprover/subverso
info: subverso: checking out revision '3a75ede05278806fd3249bb0c97a6fb5777a4f7d'
✔ [5/105] Built MD4Lean/md4cEntityObj (364ms)
✔ [6/105] Built MD4Lean/md4cCoreObj (372ms)
✔ [7/105] Built MD4Lean/md4cHtmlObj (362ms)
✔ [8/105] Built MD4Lean/wrapperObj (362ms)
✔ [1092/1377] Built Verso.CLI (2.1s)
✔ [1259/1573] Built Verso.CLI:c.o (172ms)
✔ [1367/1672] Built MD4Lean.Basic (2.6s)
✔ [1368/1672] Built Verso.Doc.DocName (2.4s)
✔ [1471/1718] Built Verso.Hover (2.5s)
✔ [1472/1718] Built Verso.Doc.SourceRange (2.4s)
✔ [1521/1754] Built Verso.EnvExtension (2.5s)
✔ [1522/1754] Built Verso.Doc.Elab.ExpanderAttribute (2.5s)
✔ [1523/1754] Built Verso.Hover:c.o (156ms)
✔ [1555/1789] Built Verso.Parser.Lean (2.7s)
✔ [1556/1789] Built Verso.Log (2.5s)
✔ [1600/1839] Built Verso.Doc.Suggestion.Basic (2.6s)
✔ [1601/1839] Built Verso.Output.Html.Tags (2.5s)
✔ [1602/1839] Built VersoUtil.WfRec (2.5s)
✔ [1603/1839] Built Verso.Code.Highlighted.WebAssets (2.5s)
✔ [1604/1839] Built Verso.EnvExtension:c.o (245ms)
✔ [1651/1982] Built Verso.BEq (2.5s)
✔ [1652/1982] Built Verso.Parser.Lean:c.o (198ms)
✔ [1653/1982] Built Verso.Log:c.o (131ms)
✔ [1654/1982] Built Verso.Output.Html.Tags:c.o (153ms)
✔ [1655/1982] Built VersoUtil.WfRec:c.o (118ms)
✔ [1656/1982] Built Verso.Code.Highlighted.WebAssets:c.o (116ms)
✔ [1792/2159] Built Verso.Hint (2.9s)
✔ [1793/2159] Built MultiVerso.Path (2.6s)
✔ [1974/2346] Built Verso.Doc.Helpers (3.0s)
✔ [1975/2346] Built Verso.Output.Html.Entities (2.9s)
✔ [1976/2346] Built Verso.Hint:c.o (124ms)
✔ [1977/2346] Built Verso.BEq:c.o (144ms)
✔ [2153/2530] Built MD4Lean.Basic:c.o (864ms)
✔ [2154/2530] Built MultiVerso.InternalId (2.9s)
✔ [2155/2530] Built MultiVerso.Path:c.o (217ms)
✔ [2350/2610] Built Verso.Output.Html.AttributeName (3.1s)
✔ [2351/2610] Built Verso.Output.Html.Comments (3.1s)
✔ [2352/2610] Built Verso.BuildLog (2.0s)
✔ [2353/2610] Built Verso.Doc.Helpers:c.o (196ms)
✔ [2445/2610] Built Verso.Instances.Deriving (3.4s)
✔ [2446/2610] Built MultiVerso.NameMap (3.1s)
✔ [2447/2610] Built VersoSearch.PorterStemmer (2.0s)
✔ [2448/2610] Built Verso.Output.Html.Comments:c.o (142ms)
✔ [2449/2610] Built MD4Lean.Basic:dynlib (424ms)
✔ [2450/2610] Built MultiVerso.Manifest (3.3s)
✔ [2451/2610] Built Verso.Output.Html.Entities:c.o (537ms)
✔ [2452/2610] Built MultiVerso.InternalId:c.o (365ms)
✔ [2453/2610] Built Verso.BuildLog:c.o (431ms)
✔ [2454/2610] Built MultiVerso.Method (3.9s)
✔ [2455/2610] Built VersoLiterate.Config (3.5s)
✔ [2456/2610] Built VersoSearch.PorterStemmer:c.o (476ms)
✔ [2457/2610] Built MultiVerso.NameMap:c.o (552ms)
✔ [2458/2610] Built Verso.Doc.Elab.InlineString (1.9s)
✔ [2459/2610] Built Verso.Doc.Elab.ExpanderAttribute:c.o (1.8s)
✔ [2460/2610] Built MultiVerso.Manifest:c.o (752ms)
✔ [2461/2610] Built Verso.Doc.DocName:c.o (2.2s)
✔ [2462/2610] Built Verso.Doc.Elab.InlineString:c.o (105ms)
✔ [2463/2610] Built Verso.Doc.Name (2.2s)
✔ [2464/2610] Built Verso.Doc.PointOfInterest (2.3s)
✔ [2465/2610] Built VersoUtil.BinFiles.Z85 (4.2s)
✔ [2466/2610] Built Verso.Doc.Name:c.o (157ms)
✔ [2467/2610] Built Verso.Doc.SourceRange:c.o (2.3s)
✔ [2468/2610] Built Verso.Doc.PointOfInterest:c.o (86ms)
✔ [2469/2610] Built MD4Lean.FFI (1.4s)
✔ [2470/2610] Built Verso.Doc.Suggestion.Basic:c.o (2.3s)
✔ [2471/2610] Built MD4Lean.FFI:c.o (103ms)
✔ [2472/2610] Built Verso.Doc.Suggestion (2.3s)
✔ [2473/2610] Built Verso.Doc.Suggestion:c.o (127ms)
✔ [2474/2610] Built VersoLiterate.Config:c.o (1.3s)
✔ [2475/2610] Built MD4Lean.FFI:dynlib (285ms)
✔ [2476/2610] Built Verso.Instances (2.2s)
✔ [2477/2610] Built Verso.Instances.Deriving:c.o (2.2s)
✔ [2478/2610] Built Verso.Instances:c.o (487ms)
✔ [2479/2610] Built Verso.Output.Html.AttributeName:c.o (2.9s)
✔ [2480/2610] Built Verso.Output.Html (2.0s)
✔ [2481/2610] Built VersoUtil.BinFiles (1.7s)
✔ [2482/2610] Built VersoUtil.BinFiles.Z85:c.o (1.7s)
✔ [2483/2610] Built MD4Lean (1.1s)
✔ [2484/2610] Built MD4Lean:c.o (76ms)
✔ [2485/2610] Built MD4Lean:shared (252ms)
✔ [2486/2610] Built SubVerso.Compat (7.4s)
✔ [2487/2610] Built Verso.Output.Html:c.o (1.2s)
✔ [2488/2610] Built VersoSearch.DomainSearch (2.0s)
✔ [2489/2610] Built VersoUtil.BinFiles:c.o (1.0s)
✔ [2490/2610] Built VersoSearch.DomainSearch:c.o (670ms)
✔ [2491/2610] Built Verso.Method (6.4s)
✔ [2492/2610] Built MultiVerso.Method:c.o (6.4s)
✔ [2493/2610] Built MultiVerso.Slug (6.4s)
✔ [2494/2610] Built SubVerso.Examples.Messages.NormalizeLineNum (3.5s)
✔ [2495/2610] Built SubVerso.Examples.Messages.NormalizeMetavars (3.5s)
✔ [2496/2610] Built MultiVerso.Link (1.3s)
⚠ [2497/2610] Built Challenge (8.5s)
warning: Challenge.lean:76:8: declaration uses `sorry`
✔ [2498/2610] Built Verso.Output.TeX (2.2s)
✔ [2499/2610] Built MultiVerso.Slug:c.o (2.1s)
✔ [2500/2610] Built Verso.SyntaxUtils (2.3s)
✔ [2501/2610] Built Verso.Method:c.o (2.3s)
✔ [2502/2610] Built SubVerso.Highlighting.Messages (6.0s)
✔ [2503/2610] Built SubVerso.Helper.Netstring (6.0s)
✔ [2504/2610] Built Verso.WithoutAsync (6.0s)
✔ [2505/2610] Built SubVerso.Compat:c.o (6.0s)
✔ [2506/2610] Built SubVerso.Highlighting.Highlighted (6.1s)
✔ [2507/2610] Built Verso.WithoutAsync:c.o (76ms)
✔ [2508/2610] Built Verso.ExpectString (2.7s)
✔ [2509/2610] Built SubVerso.Examples.Messages (2.7s)
✔ [2510/2610] Built SubVerso.Highlighting.Messages:c.o (141ms)
✔ [2511/2610] Built SubVerso.Helper.Netstring:c.o (142ms)
✔ [2512/2610] Built SubVerso.Examples.Messages.NormalizeLineNum:c.o (2.7s)
✔ [2513/2610] Built SubVerso.Examples.Messages.NormalizeMetavars:c.o (2.7s)
✔ [2514/2610] Built Verso.ExpectString:c.o (124ms)
✔ [2515/2610] Built SubVerso.Examples.Messages:c.o (121ms)
✔ [2516/2610] Built MultiVerso.Link:c.o (2.1s)
✔ [2517/2610] Built MultiVerso (2.1s)
✔ [2518/2610] Built Verso.Output (1.4s)
✔ [2519/2610] Built Verso.Output.TeX:c.o (1.4s)
✔ [2520/2610] Built Verso.Output:c.o (64ms)
✔ [2521/2610] Built Verso.Parser (2.6s)
✔ [2522/2610] Built Verso.SyntaxUtils:c.o (2.6s)
✔ [2523/2610] Built MultiVerso:c.o (1.9s)
✔ [2524/2610] Built Verso.Parser:c.o (1.7s)
✔ [2525/2610] Built SubVerso.Highlighting.String (3.9s)
✔ [2526/2610] Built Verso.Linters (1.7s)
✔ [2527/2610] Built SubVerso.Highlighting.Export (3.9s)
✔ [2528/2610] Built SubVerso.Highlighting.String:c.o (172ms)
✔ [2529/2610] Built Verso.Linters:c.o (596ms)
✔ [2530/2610] Built SubVerso.Highlighting.Export:c.o (1.5s)
✔ [2531/2610] Built SubVerso.Highlighting.Anchors.Basic (9.7s)
✔ [2532/2610] Built SubVerso.Highlighting.Split (9.7s)
✔ [2533/2610] Built SubVerso.Highlighting.Highlighted:c.o (9.7s)
✔ [2534/2610] Built SubVerso.Highlighting.Code (9.7s)
✔ [2535/2610] Built SubVerso.Highlighting.Anchors.Check (2.4s)
✔ [2536/2610] Built SubVerso.Highlighting.Anchors.Basic:c.o (2.3s)
✔ [2537/2610] Built SubVerso.Highlighting.Split:c.o (2.3s)
✔ [2538/2610] Built SubVerso.Highlighting.Anchors.Check:c.o (2.2s)
✔ [2539/2610] Built SubVerso.Highlighting.Anchors (2.3s)
✔ [2540/2610] Built SubVerso.Highlighting (2.6s)
✔ [2541/2610] Built SubVerso.Highlighting.Anchors:c.o (2.5s)
✔ [2542/2610] Built SubVerso.Module (3.2s)
✔ [2543/2610] Built SubVerso.Helper (3.2s)
✔ [2544/2610] Built Verso.Code.External.Code (3.3s)
✔ [2545/2610] Built Verso.Code.External.Code:c.o (462ms)
✔ [2546/2610] Built SubVerso.Examples.Env (4.1s)
✔ [2547/2610] Built SubVerso.Highlighting:c.o (4.1s)
✔ [2548/2610] Built Verso.Doc (4.2s)
✔ [2549/2610] Built SubVerso.Highlighting.Code:c.o (11s)
✔ [2550/2610] Built SubVerso.Examples.Env:c.o (381ms)
✔ [2551/2610] Built Verso.Code.External.Env (2.8s)
✔ [2552/2610] Built SubVerso.Module:c.o (2.7s)
✔ [2553/2610] Built SubVerso.Helper:c.o (2.7s)
✔ [2554/2610] Built Verso.Code.External.Files (2.7s)
✔ [2555/2610] Built Verso.Code.External.Env:c.o (2.6s)
✔ [2556/2610] Built Verso.Doc.ArgParse (4.8s)
✔ [2557/2610] Built Verso.Doc.Elab.Basic (4.8s)
✔ [2558/2610] Built Verso.Code.Highlighted (4.8s)
✔ [2559/2610] Built Verso.Doc.TeX (4.8s)
✔ [2560/2610] Built VersoSearch (4.8s)
✔ [2561/2610] Built Verso.Doc:c.o (4.8s)
✔ [2562/2610] Built Verso.Code.External.Files:c.o (490ms)
✔ [2563/2610] Built Verso.Code.HighlightedToTex (3.4s)
✔ [2564/2610] Built Verso.Doc.Html (3.4s)
✔ [2565/2610] Built Verso.Doc.Elab.Basic:c.o (3.4s)
✔ [2566/2610] Built Verso.Code.Highlighted:c.o (3.4s)
✔ [2567/2610] Built Verso.Doc.TeX:c.o (3.4s)
✔ [2568/2610] Built VersoSearch:c.o (3.4s)
✔ [2569/2610] Built Verso.Code.HighlightedToTex:c.o (278ms)
✔ [2570/2610] Built Verso.Doc.Html:c.o (387ms)
✔ [2571/2610] Built Verso.Doc.Elab.Monad (5.0s)
✔ [2572/2610] Built Verso.Code.External.Config (4.0s)
✔ [2573/2610] Built Verso.Doc.ArgParse:c.o (4.0s)
✔ [2574/2610] Built Verso.Code.External.Config:c.o (253ms)
✔ [2575/2610] Built Verso.Doc.Elab.ExtensionResolution (4.1s)
✔ [2576/2610] Built Verso.Doc.Elab.Inline (4.1s)
✔ [2577/2610] Built Verso.Doc.Lsp (4.2s)
✔ [2578/2610] Built Verso.Doc.Elab.Monad:c.o (4.3s)
✔ [2579/2610] Built Verso.Doc.Lsp:c.o (2.4s)
✔ [2580/2610] Built Verso.Doc.Elab.Block (2.6s)
✔ [2581/2610] Built Verso.Doc.Elab.ExtensionResolution:c.o (2.5s)
✔ [2582/2610] Built Verso.Doc.Elab.Inline:c.o (2.5s)
✔ [2583/2610] Built Verso.Doc.Elab.Block:c.o (3.5s)
✔ [2584/2610] Built Verso.Doc.Elab (3.6s)
✔ [2585/2610] Built Verso.Doc.Concrete.InlineString (5.7s)
✔ [2586/2610] Built Verso.Doc.Elab:c.o (5.7s)
✔ [2587/2610] Built Verso.Code.External (5.8s)
✔ [2588/2610] Built Verso.Code (2.3s)
✔ [2589/2610] Built Verso.Code:c.o (62ms)
✔ [2590/2610] Built Verso.Doc.Concrete.InlineString:c.o (3.3s)
✔ [2591/2610] Built Verso.Doc.Concrete (3.3s)
✔ [2592/2610] Built Verso.Doc.Concrete:c.o (2.4s)
✔ [2593/2610] Built Verso (2.5s)
✔ [2594/2610] Built Verso.Code.External:c.o (6.6s)
✔ [2595/2610] Built VersoLiterate.Basic (2.0s)
✔ [2596/2610] Built Verso:c.o (2.9s)
✔ [2597/2610] Built VersoLiterate.Search (3.3s)
✔ [2598/2610] Built VersoLiterate.Basic:c.o (3.3s)
✔ [2599/2610] Built VersoLiterate.Exported (3.4s)
✔ [2600/2610] Built VersoLiterate.Search:c.o (73ms)
✔ [2601/2610] Built VersoLiterate.Module (2.3s)
✔ [2602/2610] Built VersoLiterate.Exported:c.o (2.5s)
✔ [2603/2610] Built VersoLiterate (2.1s)
✔ [2604/2610] Built VersoLiterate.Module:c.o (2.1s)
✔ [2605/2610] Built VersoLiterate:c.o (3.6s)
✔ [2606/2610] Built VersoLiterateMain (3.7s)
✔ [2607/2610] Built VersoLiterateMain:c.o (2.2s)
✔ [2608/2610] Built «verso-literate»:exe (628ms)
✔ [2609/2610] Built PalomarChallengeRender/Challenge:literate (8.0s)
Build completed successfully (2610 jobs).
